============================= test session starts =============================
platform win32 -- Python 3.14.3, pytest-8.4.2, pluggy-1.6.0 -- C:\Users\jgrubb\OneDrive - Town of Clayton, NC\Documents\GitHub\Matrix\venv\Scripts\python.exe
cachedir: .pytest_cache
rootdir: C:\Users\jgrubb\OneDrive - Town of Clayton, NC\Documents\GitHub\Matrix
configfile: pyproject.toml
plugins: cov-5.0.0, flask-1.3.0
collecting ... collected 113 items

tests/test_routes/test_equipment_routes.py::TestHardwareTypeCRUD::test_hardware_type_list_page_loads PASSED [  0%]
tests/test_routes/test_equipment_routes.py::TestHardwareTypeCRUD::test_hardware_type_list_shows_inactive_when_requested PASSED [  1%]
tests/test_routes/test_equipment_routes.py::TestHardwareTypeCRUD::test_hardware_type_create_form_loads PASSED [  2%]
tests/test_routes/test_equipment_routes.py::TestHardwareTypeCRUD::test_hardware_type_create_saves_record PASSED [  3%]
tests/test_routes/test_equipment_routes.py::TestHardwareTypeCRUD::test_hardware_type_create_records_cost_history PASSED [  4%]
tests/test_routes/test_equipment_routes.py::TestHardwareTypeCRUD::test_hardware_type_create_with_zero_max_selections_treats_as_unlimited PASSED [  5%]
tests/test_routes/test_equipment_routes.py::TestHardwareTypeCRUD::test_hardware_type_edit_form_loads_with_current_values PASSED [  6%]
tests/test_routes/test_equipment_routes.py::TestHardwareTypeCRUD::test_hardware_type_edit_updates_record PASSED [  7%]
tests/test_routes/test_equipment_routes.py::TestHardwareTypeCRUD::test_hardware_type_edit_cost_change_creates_history PASSED [  7%]
tests/test_routes/test_equipment_routes.py::TestHardwareTypeCRUD::test_hardware_type_deactivate_sets_inactive PASSED [  8%]
tests/test_routes/test_equipment_routes.py::TestHardwareTypeCRUD::test_hardware_type_it_staff_can_create PASSED [  9%]
tests/test_routes/test_equipment_routes.py::TestHardwareTypeValidation::test_hardware_type_create_rejects_missing_name PASSED [ 10%]
tests/test_routes/test_equipment_routes.py::TestHardwareTypeValidation::test_hardware_type_create_rejects_invalid_cost PASSED [ 11%]
tests/test_routes/test_equipment_routes.py::TestHardwareTypeValidation::test_hardware_type_create_rejects_negative_max_selections PASSED [ 12%]
tests/test_routes/test_equipment_routes.py::TestHardwareTypeValidation::test_hardware_type_create_rejects_nonnumeric_max_selections PASSED [ 13%]
tests/test_routes/test_equipment_routes.py::TestHardwareTypeValidation::test_hardware_type_edit_rejects_invalid_cost PASSED [ 14%]
tests/test_routes/test_equipment_routes.py::TestHardwareTypeValidation::test_hardware_type_edit_nonexistent_redirects PASSED [ 15%]
tests/test_routes/test_equipment_routes.py::TestHardwareTypeValidation::test_hardware_type_deactivate_nonexistent_redirects PASSED [ 15%]
tests/test_routes/test_equipment_routes.py::TestHardwareTypeValidation::test_hardware_type_edit_negative_max_selections_rejected PASSED [ 16%]
tests/test_routes/test_equipment_routes.py::TestHardwareItemCRUD::test_hardware_list_page_loads PASSED [ 17%]
tests/test_routes/test_equipment_routes.py::TestHardwareItemCRUD::test_hardware_list_filters_by_type PASSED [ 18%]
tests/test_routes/test_equipment_routes.py::TestHardwareItemCRUD::test_hardware_create_form_loads PASSED [ 19%]
tests/test_routes/test_equipment_routes.py::TestHardwareItemCRUD::test_hardware_create_saves_record PASSED [ 20%]
tests/test_routes/test_equipment_routes.py::TestHardwareItemCRUD::test_hardware_create_records_cost_history PASSED [ 21%]
tests/test_routes/test_equipment_routes.py::TestHardwareItemCRUD::test_hardware_edit_form_loads_with_current_values PASSED [ 22%]
tests/test_routes/test_equipment_routes.py::TestHardwareItemCRUD::test_hardware_edit_updates_record PASSED [ 23%]
tests/test_routes/test_equipment_routes.py::TestHardwareItemCRUD::test_hardware_deactivate_sets_inactive PASSED [ 23%]
tests/test_routes/test_equipment_routes.py::TestHardwareItemValidation::test_hardware_create_rejects_missing_name PASSED [ 24%]
tests/test_routes/test_equipment_routes.py::TestHardwareItemValidation::test_hardware_create_rejects_missing_type PASSED [ 25%]
tests/test_routes/test_equipment_routes.py::TestHardwareItemValidation::test_hardware_create_rejects_invalid_cost PASSED [ 26%]
tests/test_routes/test_equipment_routes.py::TestHardwareItemValidation::test_hardware_edit_rejects_invalid_cost PASSED [ 27%]
tests/test_routes/test_equipment_routes.py::TestHardwareItemValidation::test_hardware_edit_nonexistent_redirects PASSED [ 28%]
tests/test_routes/test_equipment_routes.py::TestHardwareItemValidation::test_hardware_deactivate_nonexistent_redirects PASSED [ 29%]
tests/test_routes/test_equipment_routes.py::TestHardwareItemCostHistory::test_hardware_edit_cost_change_closes_old_history PASSED [ 30%]
tests/test_routes/test_equipment_routes.py::TestHardwareItemCostHistory::test_hardware_edit_same_cost_does_not_create_extra_history PASSED [ 30%]
tests/test_routes/test_equipment_routes.py::TestSoftwareTypeCRUD::test_software_type_list_page_loads PASSED [ 31%]
tests/test_routes/test_equipment_routes.py::TestSoftwareTypeCRUD::test_software_type_create_form_loads PASSED [ 32%]
tests/test_routes/test_equipment_routes.py::TestSoftwareTypeCRUD::test_software_type_create_saves_record PASSED [ 33%]
tests/test_routes/test_equipment_routes.py::TestSoftwareTypeCRUD::test_software_type_edit_form_loads PASSED [ 34%]
tests/test_routes/test_equipment_routes.py::TestSoftwareTypeCRUD::test_software_type_edit_updates_record PASSED [ 35%]
tests/test_routes/test_equipment_routes.py::TestSoftwareTypeCRUD::test_software_type_deactivate_sets_inactive PASSED [ 36%]
tests/test_routes/test_equipment_routes.py::TestSoftwareTypeValidation::test_software_type_create_rejects_missing_name PASSED [ 37%]
tests/test_routes/test_equipment_routes.py::TestSoftwareTypeValidation::test_software_type_edit_rejects_missing_name PASSED [ 38%]
tests/test_routes/test_equipment_routes.py::TestSoftwareTypeValidation::test_software_type_edit_nonexistent_redirects PASSED [ 38%]
tests/test_routes/test_equipment_routes.py::TestSoftwareTypeValidation::test_software_type_deactivate_nonexistent_redirects PASSED [ 39%]
tests/test_routes/test_equipment_routes.py::TestSoftwareFamilyCRUD::test_software_family_list_page_loads PASSED [ 40%]
tests/test_routes/test_equipment_routes.py::TestSoftwareFamilyCRUD::test_software_family_create_form_loads PASSED [ 41%]
tests/test_routes/test_equipment_routes.py::TestSoftwareFamilyCRUD::test_software_family_create_saves_record PASSED [ 42%]
tests/test_routes/test_equipment_routes.py::TestSoftwareFamilyCRUD::test_software_family_edit_form_loads PASSED [ 43%]
tests/test_routes/test_equipment_routes.py::TestSoftwareFamilyCRUD::test_software_family_edit_updates_record PASSED [ 44%]
tests/test_routes/test_equipment_routes.py::TestSoftwareFamilyCRUD::test_software_family_deactivate_sets_inactive PASSED [ 45%]
tests/test_routes/test_equipment_routes.py::TestSoftwareFamilyValidation::test_software_family_create_rejects_missing_name PASSED [ 46%]
tests/test_routes/test_equipment_routes.py::TestSoftwareFamilyValidation::test_software_family_edit_rejects_missing_name PASSED [ 46%]
tests/test_routes/test_equipment_routes.py::TestSoftwareFamilyValidation::test_software_family_edit_nonexistent_redirects PASSED [ 47%]
tests/test_routes/test_equipment_routes.py::TestSoftwareFamilyValidation::test_software_family_deactivate_nonexistent_redirects PASSED [ 48%]
tests/test_routes/test_equipment_routes.py::TestSoftwareProductCRUD::test_software_list_page_loads PASSED [ 49%]
tests/test_routes/test_equipment_routes.py::TestSoftwareProductCRUD::test_software_list_filters_by_type PASSED [ 50%]
tests/test_routes/test_equipment_routes.py::TestSoftwareProductCRUD::test_software_create_form_loads PASSED [ 51%]
tests/test_routes/test_equipment_routes.py::TestSoftwareProductCRUD::test_software_create_per_user_saves_record PASSED [ 52%]
tests/test_routes/test_equipment_routes.py::TestSoftwareProductCRUD::test_software_create_records_cost_history PASSED [ 53%]
tests/test_routes/test_equipment_routes.py::TestSoftwareProductCRUD::test_software_edit_form_loads PASSED [ 53%]
tests/test_routes/test_equipment_routes.py::TestSoftwareProductCRUD::test_software_edit_updates_record PASSED [ 54%]
tests/test_routes/test_equipment_routes.py::TestSoftwareProductCRUD::test_software_edit_cost_change_creates_history PASSED [ 55%]
tests/test_routes/test_equipment_routes.py::TestSoftwareProductCRUD::test_software_deactivate_sets_inactive PASSED [ 56%]
tests/test_routes/test_equipment_routes.py::TestSoftwareProductWithCoverage::test_software_create_tenant_with_org_coverage PASSED [ 57%]
tests/test_routes/test_equipment_routes.py::TestSoftwareProductWithCoverage::test_software_create_tenant_with_department_coverage PASSED [ 58%]
tests/test_routes/test_equipment_routes.py::TestSoftwareProductWithCoverage::test_software_create_tenant_with_multiple_coverage_rows PASSED [ 59%]
tests/test_routes/test_equipment_routes.py::TestSoftwareProductWithCoverage::test_software_edit_updates_coverage PASSED [ 60%]
tests/test_routes/test_equipment_routes.py::TestSoftwareProductWithCoverage::test_software_edit_switching_to_per_user_clears_coverage PASSED [ 61%]
tests/test_routes/test_equipment_routes.py::TestSoftwareProductWithCoverage::test_software_create_per_user_does_not_create_coverage PASSED [ 61%]
tests/test_routes/test_equipment_routes.py::TestSoftwareProductValidation::test_software_create_rejects_missing_name PASSED [ 62%]
tests/test_routes/test_equipment_routes.py::TestSoftwareProductValidation::test_software_edit_nonexistent_redirects PASSED [ 63%]
tests/test_routes/test_equipment_routes.py::TestSoftwareProductValidation::test_software_deactivate_nonexistent_redirects PASSED [ 64%]
tests/test_routes/test_equipment_routes.py::TestEquipmentRoleEnforcement::test_manager_blocked_from_hardware_type_create PASSED [ 65%]
tests/test_routes/test_equipment_routes.py::TestEquipmentRoleEnforcement::test_manager_blocked_from_hardware_create PASSED [ 66%]
tests/test_routes/test_equipment_routes.py::TestEquipmentRoleEnforcement::test_manager_blocked_from_software_create PASSED [ 67%]
tests/test_routes/test_equipment_routes.py::TestEquipmentRoleEnforcement::test_manager_blocked_from_software_type_list PASSED [ 68%]
tests/test_routes/test_equipment_routes.py::TestEquipmentRoleEnforcement::test_manager_blocked_from_software_family_list PASSED [ 69%]
tests/test_routes/test_equipment_routes.py::TestEquipmentRoleEnforcement::test_manager_blocked_from_hardware_type_deactivate_post PASSED [ 69%]
tests/test_routes/test_equipment_routes.py::TestEquipmentRoleEnforcement::test_budget_executive_blocked_from_hardware_create PASSED [ 70%]
tests/test_routes/test_equipment_routes.py::TestEquipmentRoleEnforcement::test_budget_executive_blocked_from_software_create PASSED [ 71%]
tests/test_routes/test_equipment_routes.py::TestEquipmentRoleEnforcement::test_read_only_blocked_from_hardware_create PASSED [ 72%]
tests/test_routes/test_equipment_routes.py::TestEquipmentRoleEnforcement::test_read_only_blocked_from_software_type_create PASSED [ 73%]
tests/test_routes/test_equipment_routes.py::TestEquipmentRoleEnforcement::test_manager_can_view_hardware_type_list PASSED [ 74%]
tests/test_routes/test_equipment_routes.py::TestEquipmentRoleEnforcement::test_manager_can_view_hardware_list PASSED [ 75%]
tests/test_routes/test_equipment_routes.py::TestEquipmentRoleEnforcement::test_manager_can_view_software_list PASSED [ 76%]
tests/test_routes/test_equipment_routes.py::TestEquipmentRoleEnforcement::test_read_only_can_view_hardware_list PASSED [ 76%]
tests/test_routes/test_equipment_routes.py::TestEquipmentRoleEnforcement::test_budget_executive_can_view_software_list PASSED [ 77%]
tests/test_routes/test_equipment_routes.py::TestEquipmentAuthenticationEnforcement::test_unauthenticated_user_redirected[hw_type_list] PASSED [ 78%]
tests/test_routes/test_equipment_routes.py::TestEquipmentAuthenticationEnforcement::test_unauthenticated_user_redirected[hw_type_create] PASSED [ 79%]
tests/test_routes/test_equipment_routes.py::TestEquipmentAuthenticationEnforcement::test_unauthenticated_user_redirected[hw_list] PASSED [ 80%]
tests/test_routes/test_equipment_routes.py::TestEquipmentAuthenticationEnforcement::test_unauthenticated_user_redirected[hw_create] PASSED [ 81%]
tests/test_routes/test_equipment_routes.py::TestEquipmentAuthenticationEnforcement::test_unauthenticated_user_redirected[sw_type_list] PASSED [ 82%]
tests/test_routes/test_equipment_routes.py::TestEquipmentAuthenticationEnforcement::test_unauthenticated_user_redirected[sw_type_create] PASSED [ 83%]
tests/test_routes/test_equipment_routes.py::TestEquipmentAuthenticationEnforcement::test_unauthenticated_user_redirected[sw_family_list] PASSED [ 84%]
tests/test_routes/test_equipment_routes.py::TestEquipmentAuthenticationEnforcement::test_unauthenticated_user_redirected[sw_family_create] PASSED [ 84%]
tests/test_routes/test_equipment_routes.py::TestEquipmentAuthenticationEnforcement::test_unauthenticated_user_redirected[sw_list] PASSED [ 85%]
tests/test_routes/test_equipment_routes.py::TestEquipmentAuthenticationEnforcement::test_unauthenticated_user_redirected[sw_create] PASSED [ 86%]
tests/test_routes/test_equipment_routes.py::TestEquipmentAuthenticationEnforcement::test_unauthenticated_post_redirected[hw_type_create_post] PASSED [ 87%]
tests/test_routes/test_equipment_routes.py::TestEquipmentAuthenticationEnforcement::test_unauthenticated_post_redirected[hw_create_post] PASSED [ 88%]
tests/test_routes/test_equipment_routes.py::TestEquipmentAuthenticationEnforcement::test_unauthenticated_post_redirected[sw_type_create_post] PASSED [ 89%]
tests/test_routes/test_equipment_routes.py::TestEquipmentAuthenticationEnforcement::test_unauthenticated_post_redirected[sw_family_create_post] PASSED [ 90%]
tests/test_routes/test_equipment_routes.py::TestEquipmentAuthenticationEnforcement::test_unauthenticated_post_redirected[sw_create_post] PASSED [ 91%]
tests/test_routes/test_equipment_routes.py::TestNonexistentResourceHandling::test_edit_nonexistent_resource_does_not_crash[hw_type_edit] PASSED [ 92%]
tests/test_routes/test_equipment_routes.py::TestNonexistentResourceHandling::test_edit_nonexistent_resource_does_not_crash[hw_edit] PASSED [ 92%]
tests/test_routes/test_equipment_routes.py::TestNonexistentResourceHandling::test_edit_nonexistent_resource_does_not_crash[sw_type_edit] PASSED [ 93%]
tests/test_routes/test_equipment_routes.py::TestNonexistentResourceHandling::test_edit_nonexistent_resource_does_not_crash[sw_family_edit] PASSED [ 94%]
tests/test_routes/test_equipment_routes.py::TestNonexistentResourceHandling::test_edit_nonexistent_resource_does_not_crash[sw_edit] PASSED [ 95%]
tests/test_routes/test_equipment_routes.py::TestNonexistentResourceHandling::test_deactivate_nonexistent_resource_does_not_crash[hw_type_deactivate] PASSED [ 96%]
tests/test_routes/test_equipment_routes.py::TestNonexistentResourceHandling::test_deactivate_nonexistent_resource_does_not_crash[hw_deactivate] PASSED [ 97%]
tests/test_routes/test_equipment_routes.py::TestNonexistentResourceHandling::test_deactivate_nonexistent_resource_does_not_crash[sw_type_deactivate] PASSED [ 98%]
tests/test_routes/test_equipment_routes.py::TestNonexistentResourceHandling::test_deactivate_nonexistent_resource_does_not_crash[sw_family_deactivate] PASSED [ 99%]
tests/test_routes/test_equipment_routes.py::TestNonexistentResourceHandling::test_deactivate_nonexistent_resource_does_not_crash[sw_deactivate] PASSED [100%]

============================ 113 passed in 37.30s =============================
